.                                                                        [100%]
1 passed in 0.02s
